// Vitest Snapshot v1, https://vitest.dev/guide/snapshot.html

exports[`NavorRendererAppState snapshot > matches the contract DTO shape for the core fixture workspace 1`] = `
{
  "allocation": {
    "accounts": [
      {
        "allocatedPercent": null,
        "baseAmount": {
          "amount": 100000,
          "currency": "USD",
        },
        "budget": {
          "amount": 100000,
          "currency": "USD",
        },
        "subject": "Account:US",
        "target": 30,
        "title": "US equities",
        "total": null,
      },
      {
        "allocatedPercent": null,
        "baseAmount": {
          "amount": 250000,
          "currency": "USD",
        },
        "budget": null,
        "subject": "Account:Crypto",
        "target": 30,
        "title": "Digital assets",
        "total": {
          "amount": 250000,
          "currency": "USD",
        },
      },
      {
        "allocatedPercent": null,
        "baseAmount": {
          "amount": 500000,
          "currency": "CNY",
        },
        "budget": null,
        "subject": "Account:HKA",
        "target": 40,
        "title": "HK and A shares",
        "total": {
          "amount": 500000,
          "currency": "CNY",
        },
      },
    ],
    "assets": [
      {
        "account": "Account:US",
        "derivedPortfolioWeight": 3,
        "subject": "Asset:Equity:US:NVDA",
        "target": 10,
        "targetAmount": {
          "amount": 10000,
          "currency": "USD",
        },
        "title": "NVIDIA",
      },
      {
        "account": "Account:US",
        "derivedPortfolioWeight": 3,
        "subject": "Asset:Equity:US:AAPL",
        "target": 10,
        "targetAmount": {
          "amount": 10000,
          "currency": "USD",
        },
        "title": "Apple",
      },
      {
        "account": "Account:US",
        "derivedPortfolioWeight": 3,
        "subject": "Asset:Equity:US:MSFT",
        "target": 10,
        "targetAmount": {
          "amount": 10000,
          "currency": "USD",
        },
        "title": "Microsoft",
      },
      {
        "account": "Account:US",
        "derivedPortfolioWeight": 3,
        "subject": "Asset:Equity:US:GOOGL",
        "target": 10,
        "targetAmount": {
          "amount": 10000,
          "currency": "USD",
        },
        "title": "Alphabet",
      },
      {
        "account": "Account:US",
        "derivedPortfolioWeight": 3,
        "subject": "Asset:Equity:US:TSLA",
        "target": 10,
        "targetAmount": {
          "amount": 10000,
          "currency": "USD",
        },
        "title": "Tesla",
      },
      {
        "account": "Account:US",
        "derivedPortfolioWeight": 1.5,
        "subject": "Asset:Equity:US:AMZN",
        "target": 5,
        "targetAmount": {
          "amount": 5000,
          "currency": "USD",
        },
        "title": "Amazon",
      },
      {
        "account": "Account:US",
        "derivedPortfolioWeight": 3,
        "subject": "Asset:Equity:US:SPCX",
        "target": 10,
        "targetAmount": {
          "amount": 10000,
          "currency": "USD",
        },
        "title": "SPCX",
      },
      {
        "account": "Account:US",
        "derivedPortfolioWeight": 1.5,
        "subject": "Asset:Private:US:ANTHROPIC",
        "target": 5,
        "targetAmount": {
          "amount": 5000,
          "currency": "USD",
        },
        "title": "Anthropic",
      },
      {
        "account": "Account:US",
        "derivedPortfolioWeight": 1.5,
        "subject": "Asset:Private:US:OPENAI",
        "target": 5,
        "targetAmount": {
          "amount": 5000,
          "currency": "USD",
        },
        "title": "OpenAI",
      },
      {
        "account": "Account:US",
        "derivedPortfolioWeight": 3,
        "subject": "Asset:Equity:US:QQQ",
        "target": 10,
        "targetAmount": {
          "amount": 10000,
          "currency": "USD",
        },
        "title": "Invesco QQQ",
      },
      {
        "account": "Account:US",
        "derivedPortfolioWeight": 3,
        "subject": "Asset:Equity:US:SPY",
        "target": 10,
        "targetAmount": {
          "amount": 10000,
          "currency": "USD",
        },
        "title": "SPDR S&P 500 ETF",
      },
      {
        "account": "Account:US",
        "derivedPortfolioWeight": 0.3,
        "subject": "Asset:Equity:US:PLTR",
        "target": 1,
        "targetAmount": {
          "amount": 1000,
          "currency": "USD",
        },
        "title": "Palantir",
      },
      {
        "account": "Account:US",
        "derivedPortfolioWeight": 0.3,
        "subject": "Asset:Equity:US:NFLX",
        "target": 1,
        "targetAmount": {
          "amount": 1000,
          "currency": "USD",
        },
        "title": "Netflix",
      },
      {
        "account": "Account:US",
        "derivedPortfolioWeight": 0.3,
        "subject": "Asset:Equity:US:MSTR",
        "target": 1,
        "targetAmount": {
          "amount": 1000,
          "currency": "USD",
        },
        "title": "MicroStrategy",
      },
      {
        "account": "Account:US",
        "derivedPortfolioWeight": 0.3,
        "subject": "Asset:Equity:US:HOOD",
        "target": 1,
        "targetAmount": {
          "amount": 1000,
          "currency": "USD",
        },
        "title": "Robinhood",
      },
      {
        "account": "Account:Crypto",
        "derivedPortfolioWeight": 13.8,
        "subject": "Asset:Crypto:BTC",
        "target": 46,
        "targetAmount": {
          "amount": 115000,
          "currency": "USD",
        },
        "title": "Bitcoin",
      },
      {
        "account": "Account:Crypto",
        "derivedPortfolioWeight": 6,
        "subject": "Asset:Crypto:ETH",
        "target": 20,
        "targetAmount": {
          "amount": 50000,
          "currency": "USD",
        },
        "title": "Ethereum",
      },
      {
        "account": "Account:Crypto",
        "derivedPortfolioWeight": 3,
        "subject": "Asset:Crypto:SOL",
        "target": 10,
        "targetAmount": {
          "amount": 25000,
          "currency": "USD",
        },
        "title": "Solana",
      },
      {
        "account": "Account:Crypto",
        "derivedPortfolioWeight": 1.8,
        "subject": "Asset:Crypto:LINK",
        "target": 6,
        "targetAmount": {
          "amount": 15000,
          "currency": "USD",
        },
        "title": "LINK",
      },
      {
        "account": "Account:Crypto",
        "derivedPortfolioWeight": 1.8,
        "subject": "Asset:Crypto:BNB",
        "target": 6,
        "targetAmount": {
          "amount": 15000,
          "currency": "USD",
        },
        "title": "BNB",
      },
      {
        "account": "Account:Crypto",
        "derivedPortfolioWeight": 1.8,
        "subject": "Asset:Crypto:HYPE",
        "target": 6,
        "targetAmount": {
          "amount": 15000,
          "currency": "USD",
        },
        "title": "Hyperliquid",
      },
      {
        "account": "Account:Crypto",
        "derivedPortfolioWeight": 0.9,
        "subject": "Asset:Crypto:VIRTUAL",
        "target": 3,
        "targetAmount": {
          "amount": 7500,
          "currency": "USD",
        },
        "title": "Virtuals Protocol",
      },
      {
        "account": "Account:Crypto",
        "derivedPortfolioWeight": 0.9,
        "subject": "Asset:Crypto:PEPE",
        "target": 3,
        "targetAmount": {
          "amount": 7500,
          "currency": "USD",
        },
        "title": "Pepe",
      },
      {
        "account": "Account:HKA",
        "derivedPortfolioWeight": 4,
        "subject": "Asset:Equity:CN:159915",
        "target": 10,
        "targetAmount": {
          "amount": 50000,
          "currency": "CNY",
        },
        "title": "创业板 ETF",
      },
      {
        "account": "Account:HKA",
        "derivedPortfolioWeight": 4,
        "subject": "Asset:Equity:CN:588000",
        "target": 10,
        "targetAmount": {
          "amount": 50000,
          "currency": "CNY",
        },
        "title": "科创 50 ETF",
      },
      {
        "account": "Account:HKA",
        "derivedPortfolioWeight": 8,
        "subject": "Asset:Equity:CN:512500",
        "target": 20,
        "targetAmount": {
          "amount": 100000,
          "currency": "CNY",
        },
        "title": "中证 500 ETF",
      },
      {
        "account": "Account:HKA",
        "derivedPortfolioWeight": 4,
        "subject": "Asset:Equity:CN:515070",
        "target": 10,
        "targetAmount": {
          "amount": 50000,
          "currency": "CNY",
        },
        "title": "人工智能 ETF",
      },
      {
        "account": "Account:HKA",
        "derivedPortfolioWeight": 4,
        "subject": "Asset:Equity:CN:512760",
        "target": 10,
        "targetAmount": {
          "amount": 50000,
          "currency": "CNY",
        },
        "title": "芯片 ETF",
      },
      {
        "account": "Account:HKA",
        "derivedPortfolioWeight": 2,
        "subject": "Asset:Equity:CN:513130",
        "target": 5,
        "targetAmount": {
          "amount": 25000,
          "currency": "CNY",
        },
        "title": "恒生科技 ETF",
      },
      {
        "account": "Account:HKA",
        "derivedPortfolioWeight": 4,
        "subject": "Asset:Equity:HK:1810",
        "target": 10,
        "targetAmount": {
          "amount": 50000,
          "currency": "CNY",
        },
        "title": "Xiaomi",
      },
      {
        "account": "Account:HKA",
        "derivedPortfolioWeight": 1,
        "subject": "Asset:Equity:CN:600036",
        "target": 2.5,
        "targetAmount": {
          "amount": 12500,
          "currency": "CNY",
        },
        "title": "招商银行",
      },
      {
        "account": "Account:HKA",
        "derivedPortfolioWeight": 6,
        "subject": "Asset:Equity:HK:0700",
        "target": 15,
        "targetAmount": {
          "amount": 75000,
          "currency": "CNY",
        },
        "title": "Tencent",
      },
      {
        "account": "Account:HKA",
        "derivedPortfolioWeight": 2,
        "subject": "Asset:Equity:HK:2097",
        "target": 5,
        "targetAmount": {
          "amount": 25000,
          "currency": "CNY",
        },
        "title": "蜜雪冰城",
      },
      {
        "account": "Account:HKA",
        "derivedPortfolioWeight": 1,
        "subject": "Asset:Equity:CN:600900",
        "target": 2.5,
        "targetAmount": {
          "amount": 12500,
          "currency": "CNY",
        },
        "title": "长江电力",
      },
    ],
    "capital": {
      "amount": 100000,
      "currency": "USD",
      "subject": "Portfolio:Core",
    },
    "diagnostics": [],
  },
  "dashboard": {
    "accountExecutions": [
      {
        "drift": null,
        "investedCost": [],
        "investedPercent": null,
        "marketValue": [],
        "remainingBudget": null,
        "subject": "Account:US",
        "target": 30,
        "targetAmount": {
          "amount": 100000,
          "currency": "USD",
        },
        "title": "US equities",
      },
      {
        "drift": null,
        "investedCost": [
          {
            "amount": 31850.0000518708,
            "currency": "USD",
          },
        ],
        "investedPercent": 12.74000002074832,
        "marketValue": [
          {
            "amount": 45114.488000000005,
            "currency": "USD",
          },
        ],
        "remainingBudget": {
          "amount": 218149.9999481292,
          "currency": "USD",
        },
        "subject": "Account:Crypto",
        "target": 30,
        "targetAmount": {
          "amount": 250000,
          "currency": "USD",
        },
        "title": "Digital assets",
      },
      {
        "drift": null,
        "investedCost": [
          {
            "amount": 31799.9999999877,
            "currency": "CNY",
          },
          {
            "amount": 154999.99999999,
            "currency": "HKD",
          },
        ],
        "investedPercent": 6.35999999999754,
        "marketValue": [],
        "remainingBudget": {
          "amount": 468200.0000000123,
          "currency": "CNY",
        },
        "subject": "Account:HKA",
        "target": 40,
        "targetAmount": {
          "amount": 500000,
          "currency": "CNY",
        },
        "title": "HK and A shares",
      },
    ],
    "accounts": [
      {
        "allocatedPercent": null,
        "baseAmount": {
          "amount": 100000,
          "currency": "USD",
        },
        "budget": {
          "amount": 100000,
          "currency": "USD",
        },
        "subject": "Account:US",
        "target": 30,
        "title": "US equities",
        "total": null,
      },
      {
        "allocatedPercent": null,
        "baseAmount": {
          "amount": 250000,
          "currency": "USD",
        },
        "budget": null,
        "subject": "Account:Crypto",
        "target": 30,
        "title": "Digital assets",
        "total": {
          "amount": 250000,
          "currency": "USD",
        },
      },
      {
        "allocatedPercent": null,
        "baseAmount": {
          "amount": 500000,
          "currency": "CNY",
        },
        "budget": null,
        "subject": "Account:HKA",
        "target": 40,
        "title": "HK and A shares",
        "total": {
          "amount": 500000,
          "currency": "CNY",
        },
      },
    ],
    "actionInbox": [
      {
        "action": "Consider trim",
        "category": "investment_risk",
        "date": null,
        "id": "above_max:Asset:Crypto:BTC",
        "impactAmount": {
          "amount": 45114.488000000005,
          "currency": "USD",
        },
        "impactPercent": 100,
        "message": "Bitcoin is above max.",
        "priorityScore": 958,
        "reason": {
          "drift": 75,
          "impactPercent": 100,
          "kind": "above_max",
        },
        "severity": "high",
        "subject": "Asset:Crypto:BTC",
        "title": "Bitcoin",
        "type": "above_max",
      },
      {
        "action": "Review thesis",
        "category": "process_due",
        "date": "2026-05-11",
        "id": "review_due:Asset:Crypto:BTC:2026-05-11",
        "impactAmount": {
          "amount": 45114.488000000005,
          "currency": "USD",
        },
        "impactPercent": 100,
        "message": "Review due 2026-05-11.",
        "priorityScore": 837,
        "reason": {
          "impactPercent": 100,
          "kind": "review_due",
          "overdueDays": 58,
        },
        "severity": "high",
        "subject": "Asset:Crypto:BTC",
        "title": "Digital reserve asset",
        "type": "review_due",
      },
      {
        "action": "Review target amount",
        "category": "investment_risk",
        "date": null,
        "id": "over_invested:Asset:Equity:CN:600900",
        "impactAmount": null,
        "impactPercent": null,
        "message": "长江电力 is 128.0% invested.",
        "priorityScore": 758,
        "reason": {
          "impactPercent": null,
          "investedExcess": 28,
          "kind": "over_invested",
        },
        "severity": "high",
        "subject": "Asset:Equity:CN:600900",
        "title": "长江电力",
        "type": "over_invested",
      },
      {
        "action": "Check currency conversion",
        "category": "data_integrity",
        "date": null,
        "id": "currency_mismatch:Asset:Equity:HK:0700",
        "impactAmount": null,
        "impactPercent": null,
        "message": "Tencent target is in CNY but invested cost is in HKD.",
        "priorityScore": 620,
        "reason": {
          "impactPercent": null,
          "kind": "currency_mismatch",
        },
        "severity": "medium",
        "subject": "Asset:Equity:HK:0700",
        "title": "Tencent",
        "type": "currency_mismatch",
      },
      {
        "action": "Check currency conversion",
        "category": "data_integrity",
        "date": null,
        "id": "currency_mismatch:Asset:Equity:HK:1810",
        "impactAmount": null,
        "impactPercent": null,
        "message": "Xiaomi target is in CNY but invested cost is in HKD.",
        "priorityScore": 620,
        "reason": {
          "impactPercent": null,
          "kind": "currency_mismatch",
        },
        "severity": "medium",
        "subject": "Asset:Equity:HK:1810",
        "title": "Xiaomi",
        "type": "currency_mismatch",
      },
      {
        "action": "Check currency conversion",
        "category": "data_integrity",
        "date": null,
        "id": "currency_mismatch:Asset:Equity:HK:2097",
        "impactAmount": null,
        "impactPercent": null,
        "message": "蜜雪冰城 target is in CNY but invested cost is in HKD.",
        "priorityScore": 620,
        "reason": {
          "impactPercent": null,
          "kind": "currency_mismatch",
        },
        "severity": "medium",
        "subject": "Asset:Equity:HK:2097",
        "title": "蜜雪冰城",
        "type": "currency_mismatch",
      },
      {
        "action": "Check price source",
        "category": "data_integrity",
        "date": null,
        "id": "missing_price:Asset:Crypto:BNB",
        "impactAmount": null,
        "impactPercent": null,
        "message": "Held asset has no market price.",
        "priorityScore": 580,
        "reason": {
          "impactPercent": null,
          "kind": "missing_price",
        },
        "severity": "medium",
        "subject": "Asset:Crypto:BNB",
        "title": "BNB",
        "type": "missing_price",
      },
      {
        "action": "Check price source",
        "category": "data_integrity",
        "date": null,
        "id": "missing_price:Asset:Crypto:ETH",
        "impactAmount": null,
        "impactPercent": null,
        "message": "Held asset has no market price.",
        "priorityScore": 580,
        "reason": {
          "impactPercent": null,
          "kind": "missing_price",
        },
        "severity": "medium",
        "subject": "Asset:Crypto:ETH",
        "title": "Ethereum",
        "type": "missing_price",
      },
      {
        "action": "Check price source",
        "category": "data_integrity",
        "date": null,
        "id": "missing_price:Asset:Crypto:LINK",
        "impactAmount": null,
        "impactPercent": null,
        "message": "Held asset has no market price.",
        "priorityScore": 580,
        "reason": {
          "impactPercent": null,
          "kind": "missing_price",
        },
        "severity": "medium",
        "subject": "Asset:Crypto:LINK",
        "title": "LINK",
        "type": "missing_price",
      },
      {
        "action": "Check price source",
        "category": "data_integrity",
        "date": null,
        "id": "missing_price:Asset:Crypto:PEPE",
        "impactAmount": null,
        "impactPercent": null,
        "message": "Held asset has no market price.",
        "priorityScore": 580,
        "reason": {
          "impactPercent": null,
          "kind": "missing_price",
        },
        "severity": "medium",
        "subject": "Asset:Crypto:PEPE",
        "title": "Pepe",
        "type": "missing_price",
      },
      {
        "action": "Check price source",
        "category": "data_integrity",
        "date": null,
        "id": "missing_price:Asset:Crypto:SOL",
        "impactAmount": null,
        "impactPercent": null,
        "message": "Held asset has no market price.",
        "priorityScore": 580,
        "reason": {
          "impactPercent": null,
          "kind": "missing_price",
        },
        "severity": "medium",
        "subject": "Asset:Crypto:SOL",
        "title": "Solana",
        "type": "missing_price",
      },
      {
        "action": "Check price source",
        "category": "data_integrity",
        "date": null,
        "id": "missing_price:Asset:Crypto:VIRTUAL",
        "impactAmount": null,
        "impactPercent": null,
        "message": "Held asset has no market price.",
        "priorityScore": 580,
        "reason": {
          "impactPercent": null,
          "kind": "missing_price",
        },
        "severity": "medium",
        "subject": "Asset:Crypto:VIRTUAL",
        "title": "Virtuals Protocol",
        "type": "missing_price",
      },
      {
        "action": "Check price source",
        "category": "data_integrity",
        "date": null,
        "id": "missing_price:Asset:Equity:CN:513130",
        "impactAmount": null,
        "impactPercent": null,
        "message": "Held asset has no market price.",
        "priorityScore": 580,
        "reason": {
          "impactPercent": null,
          "kind": "missing_price",
        },
        "severity": "medium",
        "subject": "Asset:Equity:CN:513130",
        "title": "恒生科技 ETF",
        "type": "missing_price",
      },
      {
        "action": "Check price source",
        "category": "data_integrity",
        "date": null,
        "id": "missing_price:Asset:Equity:CN:600036",
        "impactAmount": null,
        "impactPercent": null,
        "message": "Held asset has no market price.",
        "priorityScore": 580,
        "reason": {
          "impactPercent": null,
          "kind": "missing_price",
        },
        "severity": "medium",
        "subject": "Asset:Equity:CN:600036",
        "title": "招商银行",
        "type": "missing_price",
      },
      {
        "action": "Check price source",
        "category": "data_integrity",
        "date": null,
        "id": "missing_price:Asset:Equity:CN:600900",
        "impactAmount": null,
        "impactPercent": null,
        "message": "Held asset has no market price.",
        "priorityScore": 580,
        "reason": {
          "impactPercent": null,
          "kind": "missing_price",
        },
        "severity": "medium",
        "subject": "Asset:Equity:CN:600900",
        "title": "长江电力",
        "type": "missing_price",
      },
      {
        "action": "Check price source",
        "category": "data_integrity",
        "date": null,
        "id": "missing_price:Asset:Equity:HK:0700",
        "impactAmount": null,
        "impactPercent": null,
        "message": "Held asset has no market price.",
        "priorityScore": 580,
        "reason": {
          "impactPercent": null,
          "kind": "missing_price",
        },
        "severity": "medium",
        "subject": "Asset:Equity:HK:0700",
        "title": "Tencent",
        "type": "missing_price",
      },
      {
        "action": "Check price source",
        "category": "data_integrity",
        "date": null,
        "id": "missing_price:Asset:Equity:HK:1810",
        "impactAmount": null,
        "impactPercent": null,
        "message": "Held asset has no market price.",
        "priorityScore": 580,
        "reason": {
          "impactPercent": null,
          "kind": "missing_price",
        },
        "severity": "medium",
        "subject": "Asset:Equity:HK:1810",
        "title": "Xiaomi",
        "type": "missing_price",
      },
      {
        "action": "Check price source",
        "category": "data_integrity",
        "date": null,
        "id": "missing_price:Asset:Equity:HK:2097",
        "impactAmount": null,
        "impactPercent": null,
        "message": "Held asset has no market price.",
        "priorityScore": 580,
        "reason": {
          "impactPercent": null,
          "kind": "missing_price",
        },
        "severity": "medium",
        "subject": "Asset:Equity:HK:2097",
        "title": "蜜雪冰城",
        "type": "missing_price",
      },
    ],
    "assetExecutions": [
      {
        "account": "Account:US",
        "drift": null,
        "holding": null,
        "investedCost": null,
        "investedPercent": null,
        "marketValue": null,
        "remainingBudget": null,
        "status": "not_started",
        "subject": "Asset:Equity:US:NVDA",
        "target": 10,
        "targetAmount": {
          "amount": 10000,
          "currency": "USD",
        },
        "title": "NVIDIA",
      },
      {
        "account": "Account:US",
        "drift": null,
        "holding": null,
        "investedCost": null,
        "investedPercent": null,
        "marketValue": null,
        "remainingBudget": null,
        "status": "not_started",
        "subject": "Asset:Equity:US:AAPL",
        "target": 10,
        "targetAmount": {
          "amount": 10000,
          "currency": "USD",
        },
        "title": "Apple",
      },
      {
        "account": "Account:US",
        "drift": null,
        "holding": null,
        "investedCost": null,
        "investedPercent": null,
        "marketValue": null,
        "remainingBudget": null,
        "status": "not_started",
        "subject": "Asset:Equity:US:MSFT",
        "target": 10,
        "targetAmount": {
          "amount": 10000,
          "currency": "USD",
        },
        "title": "Microsoft",
      },
      {
        "account": "Account:US",
        "drift": null,
        "holding": null,
        "investedCost": null,
        "investedPercent": null,
        "marketValue": null,
        "remainingBudget": null,
        "status": "not_started",
        "subject": "Asset:Equity:US:GOOGL",
        "target": 10,
        "targetAmount": {
          "amount": 10000,
          "currency": "USD",
        },
        "title": "Alphabet",
      },
      {
        "account": "Account:US",
        "drift": null,
        "holding": null,
        "investedCost": null,
        "investedPercent": null,
        "marketValue": null,
        "remainingBudget": null,
        "status": "not_started",
        "subject": "Asset:Equity:US:TSLA",
        "target": 10,
        "targetAmount": {
          "amount": 10000,
          "currency": "USD",
        },
        "title": "Tesla",
      },
      {
        "account": "Account:US",
        "drift": null,
        "holding": null,
        "investedCost": null,
        "investedPercent": null,
        "marketValue": null,
        "remainingBudget": null,
        "status": "not_started",
        "subject": "Asset:Equity:US:AMZN",
        "target": 5,
        "targetAmount": {
          "amount": 5000,
          "currency": "USD",
        },
        "title": "Amazon",
      },
      {
        "account": "Account:US",
        "drift": null,
        "holding": null,
        "investedCost": null,
        "investedPercent": null,
        "marketValue": null,
        "remainingBudget": null,
        "status": "not_started",
        "subject": "Asset:Equity:US:SPCX",
        "target": 10,
        "targetAmount": {
          "amount": 10000,
          "currency": "USD",
        },
        "title": "SPCX",
      },
      {
        "account": "Account:US",
        "drift": null,
        "holding": null,
        "investedCost": null,
        "investedPercent": null,
        "marketValue": null,
        "remainingBudget": null,
        "status": "not_started",
        "subject": "Asset:Private:US:ANTHROPIC",
        "target": 5,
        "targetAmount": {
          "amount": 5000,
          "currency": "USD",
        },
        "title": "Anthropic",
      },
      {
        "account": "Account:US",
        "drift": null,
        "holding": null,
        "investedCost": null,
        "investedPercent": null,
        "marketValue": null,
        "remainingBudget": null,
        "status": "not_started",
        "subject": "Asset:Private:US:OPENAI",
        "target": 5,
        "targetAmount": {
          "amount": 5000,
          "currency": "USD",
        },
        "title": "OpenAI",
      },
      {
        "account": "Account:US",
        "drift": null,
        "holding": null,
        "investedCost": null,
        "investedPercent": null,
        "marketValue": null,
        "remainingBudget": null,
        "status": "not_started",
        "subject": "Asset:Equity:US:QQQ",
        "target": 10,
        "targetAmount": {
          "amount": 10000,
          "currency": "USD",
        },
        "title": "Invesco QQQ",
      },
      {
        "account": "Account:US",
        "drift": null,
        "holding": null,
        "investedCost": null,
        "investedPercent": null,
        "marketValue": null,
        "remainingBudget": null,
        "status": "not_started",
        "subject": "Asset:Equity:US:SPY",
        "target": 10,
        "targetAmount": {
          "amount": 10000,
          "currency": "USD",
        },
        "title": "SPDR S&P 500 ETF",
      },
      {
        "account": "Account:US",
        "drift": null,
        "holding": null,
        "investedCost": null,
        "investedPercent": null,
        "marketValue": null,
        "remainingBudget": null,
        "status": "not_started",
        "subject": "Asset:Equity:US:PLTR",
        "target": 1,
        "targetAmount": {
          "amount": 1000,
          "currency": "USD",
        },
        "title": "Palantir",
      },
      {
        "account": "Account:US",
        "drift": null,
        "holding": null,
        "investedCost": null,
        "investedPercent": null,
        "marketValue": null,
        "remainingBudget": null,
        "status": "not_started",
        "subject": "Asset:Equity:US:NFLX",
        "target": 1,
        "targetAmount": {
          "amount": 1000,
          "currency": "USD",
        },
        "title": "Netflix",
      },
      {
        "account": "Account:US",
        "drift": null,
        "holding": null,
        "investedCost": null,
        "investedPercent": null,
        "marketValue": null,
        "remainingBudget": null,
        "status": "not_started",
        "subject": "Asset:Equity:US:MSTR",
        "target": 1,
        "targetAmount": {
          "amount": 1000,
          "currency": "USD",
        },
        "title": "MicroStrategy",
      },
      {
        "account": "Account:US",
        "drift": null,
        "holding": null,
        "investedCost": null,
        "investedPercent": null,
        "marketValue": null,
        "remainingBudget": null,
        "status": "not_started",
        "subject": "Asset:Equity:US:HOOD",
        "target": 1,
        "targetAmount": {
          "amount": 1000,
          "currency": "USD",
        },
        "title": "Robinhood",
      },
      {
        "account": "Account:Crypto",
        "drift": 75,
        "holding": {
          "asset": "Asset:Crypto:BTC",
          "commodity": "BTC",
          "cost": {
            "amount": 7000.000049670401,
            "currency": "USD",
          },
          "quantity": 0.45114488,
        },
        "investedCost": {
          "amount": 7000.000049670401,
          "currency": "USD",
        },
        "investedPercent": 6.086956564930783,
        "marketValue": {
          "amount": 45114.488000000005,
          "currency": "USD",
        },
        "remainingBudget": {
          "amount": 107999.9999503296,
          "currency": "USD",
        },
        "status": "above_max",
        "subject": "Asset:Crypto:BTC",
        "target": 46,
        "targetAmount": {
          "amount": 115000,
          "currency": "USD",
        },
        "title": "Bitcoin",
      },
      {
        "account": "Account:Crypto",
        "drift": null,
        "holding": {
          "asset": "Asset:Crypto:ETH",
          "commodity": "ETH",
          "cost": {
            "amount": 6200.0000020888,
            "currency": "USD",
          },
          "quantity": 7.03298698,
        },
        "investedCost": {
          "amount": 6200.0000020888,
          "currency": "USD",
        },
        "investedPercent": 12.400000004177599,
        "marketValue": null,
        "remainingBudget": {
          "amount": 43799.9999979112,
          "currency": "USD",
        },
        "status": "building",
        "subject": "Asset:Crypto:ETH",
        "target": 20,
        "targetAmount": {
          "amount": 50000,
          "currency": "USD",
        },
        "title": "Ethereum",
      },
      {
        "account": "Account:Crypto",
        "drift": null,
        "holding": {
          "asset": "Asset:Crypto:SOL",
          "commodity": "SOL",
          "cost": {
            "amount": 6000,
            "currency": "USD",
          },
          "quantity": 750,
        },
        "investedCost": {
          "amount": 6000,
          "currency": "USD",
        },
        "investedPercent": 24,
        "marketValue": null,
        "remainingBudget": {
          "amount": 19000,
          "currency": "USD",
        },
        "status": "building",
        "subject": "Asset:Crypto:SOL",
        "target": 10,
        "targetAmount": {
          "amount": 25000,
          "currency": "USD",
        },
        "title": "Solana",
      },
      {
        "account": "Account:Crypto",
        "drift": null,
        "holding": {
          "asset": "Asset:Crypto:LINK",
          "commodity": "LINK",
          "cost": {
            "amount": 5749.9999999992,
            "currency": "USD",
          },
          "quantity": 15972.22222222,
        },
        "investedCost": {
          "amount": 5749.9999999992,
          "currency": "USD",
        },
        "investedPercent": 38.33333333332799,
        "marketValue": null,
        "remainingBudget": {
          "amount": 9250.0000000008,
          "currency": "USD",
        },
        "status": "building",
        "subject": "Asset:Crypto:LINK",
        "target": 6,
        "targetAmount": {
          "amount": 15000,
          "currency": "USD",
        },
        "title": "LINK",
      },
      {
        "account": "Account:Crypto",
        "drift": null,
        "holding": {
          "asset": "Asset:Crypto:BNB",
          "commodity": "BNB",
          "cost": {
            "amount": 2100.000000112,
            "currency": "USD",
          },
          "quantity": 11.45038168,
        },
        "investedCost": {
          "amount": 2100.000000112,
          "currency": "USD",
        },
        "investedPercent": 14.000000000746669,
        "marketValue": null,
        "remainingBudget": {
          "amount": 12899.999999888,
          "currency": "USD",
        },
        "status": "building",
        "subject": "Asset:Crypto:BNB",
        "target": 6,
        "targetAmount": {
          "amount": 15000,
          "currency": "USD",
        },
        "title": "BNB",
      },
      {
        "account": "Account:Crypto",
        "drift": null,
        "holding": null,
        "investedCost": null,
        "investedPercent": null,
        "marketValue": null,
        "remainingBudget": null,
        "status": "not_started",
        "subject": "Asset:Crypto:HYPE",
        "target": 6,
        "targetAmount": {
          "amount": 15000,
          "currency": "USD",
        },
        "title": "Hyperliquid",
      },
      {
        "account": "Account:Crypto",
        "drift": null,
        "holding": {
          "asset": "Asset:Crypto:VIRTUAL",
          "commodity": "VIRTUAL",
          "cost": {
            "amount": 2400.0000000004,
            "currency": "USD",
          },
          "quantity": 8571.42857143,
        },
        "investedCost": {
          "amount": 2400.0000000004,
          "currency": "USD",
        },
        "investedPercent": 32.000000000005336,
        "marketValue": null,
        "remainingBudget": {
          "amount": 5099.9999999996,
          "currency": "USD",
        },
        "status": "building",
        "subject": "Asset:Crypto:VIRTUAL",
        "target": 3,
        "targetAmount": {
          "amount": 7500,
          "currency": "USD",
        },
        "title": "Virtuals Protocol",
      },
      {
        "account": "Account:Crypto",
        "drift": null,
        "holding": {
          "asset": "Asset:Crypto:PEPE",
          "commodity": "PEPE",
          "cost": {
            "amount": 2400,
            "currency": "USD",
          },
          "quantity": 2400000000,
        },
        "investedCost": {
          "amount": 2400,
          "currency": "USD",
        },
        "investedPercent": 32,
        "marketValue": null,
        "remainingBudget": {
          "amount": 5100,
          "currency": "USD",
        },
        "status": "building",
        "subject": "Asset:Crypto:PEPE",
        "target": 3,
        "targetAmount": {
          "amount": 7500,
          "currency": "USD",
        },
        "title": "Pepe",
      },
      {
        "account": "Account:HKA",
        "drift": null,
        "holding": null,
        "investedCost": null,
        "investedPercent": null,
        "marketValue": null,
        "remainingBudget": null,
        "status": "not_started",
        "subject": "Asset:Equity:CN:159915",
        "target": 10,
        "targetAmount": {
          "amount": 50000,
          "currency": "CNY",
        },
        "title": "创业板 ETF",
      },
      {
        "account": "Account:HKA",
        "drift": null,
        "holding": null,
        "investedCost": null,
        "investedPercent": null,
        "marketValue": null,
        "remainingBudget": null,
        "status": "not_started",
        "subject": "Asset:Equity:CN:588000",
        "target": 10,
        "targetAmount": {
          "amount": 50000,
          "currency": "CNY",
        },
        "title": "科创 50 ETF",
      },
      {
        "account": "Account:HKA",
        "drift": null,
        "holding": null,
        "investedCost": null,
        "investedPercent": null,
        "marketValue": null,
        "remainingBudget": null,
        "status": "not_started",
        "subject": "Asset:Equity:CN:512500",
        "target": 20,
        "targetAmount": {
          "amount": 100000,
          "currency": "CNY",
        },
        "title": "中证 500 ETF",
      },
      {
        "account": "Account:HKA",
        "drift": null,
        "holding": null,
        "investedCost": null,
        "investedPercent": null,
        "marketValue": null,
        "remainingBudget": null,
        "status": "not_started",
        "subject": "Asset:Equity:CN:515070",
        "target": 10,
        "targetAmount": {
          "amount": 50000,
          "currency": "CNY",
        },
        "title": "人工智能 ETF",
      },
      {
        "account": "Account:HKA",
        "drift": null,
        "holding": null,
        "investedCost": null,
        "investedPercent": null,
        "marketValue": null,
        "remainingBudget": null,
        "status": "not_started",
        "subject": "Asset:Equity:CN:512760",
        "target": 10,
        "targetAmount": {
          "amount": 50000,
          "currency": "CNY",
        },
        "title": "芯片 ETF",
      },
      {
        "account": "Account:HKA",
        "drift": null,
        "holding": {
          "asset": "Asset:Equity:CN:513130",
          "commodity": "513130",
          "cost": {
            "amount": 11999.9999999997,
            "currency": "CNY",
          },
          "quantity": 30769.23076923,
        },
        "investedCost": {
          "amount": 11999.9999999997,
          "currency": "CNY",
        },
        "investedPercent": 47.9999999999988,
        "marketValue": null,
        "remainingBudget": {
          "amount": 13000.0000000003,
          "currency": "CNY",
        },
        "status": "building",
        "subject": "Asset:Equity:CN:513130",
        "target": 5,
        "targetAmount": {
          "amount": 25000,
          "currency": "CNY",
        },
        "title": "恒生科技 ETF",
      },
      {
        "account": "Account:HKA",
        "drift": null,
        "holding": {
          "asset": "Asset:Equity:HK:1810",
          "commodity": "1810.HK",
          "cost": {
            "amount": 9999.99999999,
            "currency": "HKD",
          },
          "quantity": 1111.11111111,
        },
        "investedCost": {
          "amount": 9999.99999999,
          "currency": "HKD",
        },
        "investedPercent": null,
        "marketValue": null,
        "remainingBudget": null,
        "status": "currency_mismatch",
        "subject": "Asset:Equity:HK:1810",
        "target": 10,
        "targetAmount": {
          "amount": 50000,
          "currency": "CNY",
        },
        "title": "Xiaomi",
      },
      {
        "account": "Account:HKA",
        "drift": null,
        "holding": {
          "asset": "Asset:Equity:CN:600036",
          "commodity": "600036",
          "cost": {
            "amount": 3799.999999988,
            "currency": "CNY",
          },
          "quantity": 141.26394052,
        },
        "investedCost": {
          "amount": 3799.999999988,
          "currency": "CNY",
        },
        "investedPercent": 30.399999999903997,
        "marketValue": null,
        "remainingBudget": {
          "amount": 8700.000000012,
          "currency": "CNY",
        },
        "status": "building",
        "subject": "Asset:Equity:CN:600036",
        "target": 2.5,
        "targetAmount": {
          "amount": 12500,
          "currency": "CNY",
        },
        "title": "招商银行",
      },
      {
        "account": "Account:HKA",
        "drift": null,
        "holding": {
          "asset": "Asset:Equity:HK:0700",
          "commodity": "0700.HK",
          "cost": {
            "amount": 75000,
            "currency": "HKD",
          },
          "quantity": 292.96875,
        },
        "investedCost": {
          "amount": 75000,
          "currency": "HKD",
        },
        "investedPercent": null,
        "marketValue": null,
        "remainingBudget": null,
        "status": "currency_mismatch",
        "subject": "Asset:Equity:HK:0700",
        "target": 15,
        "targetAmount": {
          "amount": 75000,
          "currency": "CNY",
        },
        "title": "Tencent",
      },
      {
        "account": "Account:HKA",
        "drift": null,
        "holding": {
          "asset": "Asset:Equity:HK:2097",
          "commodity": "2097.HK",
          "cost": {
            "amount": 70000,
            "currency": "HKD",
          },
          "quantity": 273.4375,
        },
        "investedCost": {
          "amount": 70000,
          "currency": "HKD",
        },
        "investedPercent": null,
        "marketValue": null,
        "remainingBudget": null,
        "status": "currency_mismatch",
        "subject": "Asset:Equity:HK:2097",
        "target": 5,
        "targetAmount": {
          "amount": 25000,
          "currency": "CNY",
        },
        "title": "蜜雪冰城",
      },
      {
        "account": "Account:HKA",
        "drift": null,
        "holding": {
          "asset": "Asset:Equity:CN:600900",
          "commodity": "600900",
          "cost": {
            "amount": 16000,
            "currency": "CNY",
          },
          "quantity": 800,
        },
        "investedCost": {
          "amount": 16000,
          "currency": "CNY",
        },
        "investedPercent": 128,
        "marketValue": null,
        "remainingBudget": {
          "amount": -3500,
          "currency": "CNY",
        },
        "status": "over_invested",
        "subject": "Asset:Equity:CN:600900",
        "target": 2.5,
        "targetAmount": {
          "amount": 12500,
          "currency": "CNY",
        },
        "title": "长江电力",
      },
    ],
    "assets": [
      {
        "account": "Account:US",
        "derivedPortfolioWeight": 3,
        "subject": "Asset:Equity:US:NVDA",
        "target": 10,
        "targetAmount": {
          "amount": 10000,
          "currency": "USD",
        },
        "title": "NVIDIA",
      },
      {
        "account": "Account:US",
        "derivedPortfolioWeight": 3,
        "subject": "Asset:Equity:US:AAPL",
        "target": 10,
        "targetAmount": {
          "amount": 10000,
          "currency": "USD",
        },
        "title": "Apple",
      },
      {
        "account": "Account:US",
        "derivedPortfolioWeight": 3,
        "subject": "Asset:Equity:US:MSFT",
        "target": 10,
        "targetAmount": {
          "amount": 10000,
          "currency": "USD",
        },
        "title": "Microsoft",
      },
      {
        "account": "Account:US",
        "derivedPortfolioWeight": 3,
        "subject": "Asset:Equity:US:GOOGL",
        "target": 10,
        "targetAmount": {
          "amount": 10000,
          "currency": "USD",
        },
        "title": "Alphabet",
      },
      {
        "account": "Account:US",
        "derivedPortfolioWeight": 3,
        "subject": "Asset:Equity:US:TSLA",
        "target": 10,
        "targetAmount": {
          "amount": 10000,
          "currency": "USD",
        },
        "title": "Tesla",
      },
      {
        "account": "Account:US",
        "derivedPortfolioWeight": 1.5,
        "subject": "Asset:Equity:US:AMZN",
        "target": 5,
        "targetAmount": {
          "amount": 5000,
          "currency": "USD",
        },
        "title": "Amazon",
      },
      {
        "account": "Account:US",
        "derivedPortfolioWeight": 3,
        "subject": "Asset:Equity:US:SPCX",
        "target": 10,
        "targetAmount": {
          "amount": 10000,
          "currency": "USD",
        },
        "title": "SPCX",
      },
      {
        "account": "Account:US",
        "derivedPortfolioWeight": 1.5,
        "subject": "Asset:Private:US:ANTHROPIC",
        "target": 5,
        "targetAmount": {
          "amount": 5000,
          "currency": "USD",
        },
        "title": "Anthropic",
      },
      {
        "account": "Account:US",
        "derivedPortfolioWeight": 1.5,
        "subject": "Asset:Private:US:OPENAI",
        "target": 5,
        "targetAmount": {
          "amount": 5000,
          "currency": "USD",
        },
        "title": "OpenAI",
      },
      {
        "account": "Account:US",
        "derivedPortfolioWeight": 3,
        "subject": "Asset:Equity:US:QQQ",
        "target": 10,
        "targetAmount": {
          "amount": 10000,
          "currency": "USD",
        },
        "title": "Invesco QQQ",
      },
      {
        "account": "Account:US",
        "derivedPortfolioWeight": 3,
        "subject": "Asset:Equity:US:SPY",
        "target": 10,
        "targetAmount": {
          "amount": 10000,
          "currency": "USD",
        },
        "title": "SPDR S&P 500 ETF",
      },
      {
        "account": "Account:US",
        "derivedPortfolioWeight": 0.3,
        "subject": "Asset:Equity:US:PLTR",
        "target": 1,
        "targetAmount": {
          "amount": 1000,
          "currency": "USD",
        },
        "title": "Palantir",
      },
      {
        "account": "Account:US",
        "derivedPortfolioWeight": 0.3,
        "subject": "Asset:Equity:US:NFLX",
        "target": 1,
        "targetAmount": {
          "amount": 1000,
          "currency": "USD",
        },
        "title": "Netflix",
      },
      {
        "account": "Account:US",
        "derivedPortfolioWeight": 0.3,
        "subject": "Asset:Equity:US:MSTR",
        "target": 1,
        "targetAmount": {
          "amount": 1000,
          "currency": "USD",
        },
        "title": "MicroStrategy",
      },
      {
        "account": "Account:US",
        "derivedPortfolioWeight": 0.3,
        "subject": "Asset:Equity:US:HOOD",
        "target": 1,
        "targetAmount": {
          "amount": 1000,
          "currency": "USD",
        },
        "title": "Robinhood",
      },
      {
        "account": "Account:Crypto",
        "derivedPortfolioWeight": 13.8,
        "subject": "Asset:Crypto:BTC",
        "target": 46,
        "targetAmount": {
          "amount": 115000,
          "currency": "USD",
        },
        "title": "Bitcoin",
      },
      {
        "account": "Account:Crypto",
        "derivedPortfolioWeight": 6,
        "subject": "Asset:Crypto:ETH",
        "target": 20,
        "targetAmount": {
          "amount": 50000,
          "currency": "USD",
        },
        "title": "Ethereum",
      },
      {
        "account": "Account:Crypto",
        "derivedPortfolioWeight": 3,
        "subject": "Asset:Crypto:SOL",
        "target": 10,
        "targetAmount": {
          "amount": 25000,
          "currency": "USD",
        },
        "title": "Solana",
      },
      {
        "account": "Account:Crypto",
        "derivedPortfolioWeight": 1.8,
        "subject": "Asset:Crypto:LINK",
        "target": 6,
        "targetAmount": {
          "amount": 15000,
          "currency": "USD",
        },
        "title": "LINK",
      },
      {
        "account": "Account:Crypto",
        "derivedPortfolioWeight": 1.8,
        "subject": "Asset:Crypto:BNB",
        "target": 6,
        "targetAmount": {
          "amount": 15000,
          "currency": "USD",
        },
        "title": "BNB",
      },
      {
        "account": "Account:Crypto",
        "derivedPortfolioWeight": 1.8,
        "subject": "Asset:Crypto:HYPE",
        "target": 6,
        "targetAmount": {
          "amount": 15000,
          "currency": "USD",
        },
        "title": "Hyperliquid",
      },
      {
        "account": "Account:Crypto",
        "derivedPortfolioWeight": 0.9,
        "subject": "Asset:Crypto:VIRTUAL",
        "target": 3,
        "targetAmount": {
          "amount": 7500,
          "currency": "USD",
        },
        "title": "Virtuals Protocol",
      },
      {
        "account": "Account:Crypto",
        "derivedPortfolioWeight": 0.9,
        "subject": "Asset:Crypto:PEPE",
        "target": 3,
        "targetAmount": {
          "amount": 7500,
          "currency": "USD",
        },
        "title": "Pepe",
      },
      {
        "account": "Account:HKA",
        "derivedPortfolioWeight": 4,
        "subject": "Asset:Equity:CN:159915",
        "target": 10,
        "targetAmount": {
          "amount": 50000,
          "currency": "CNY",
        },
        "title": "创业板 ETF",
      },
      {
        "account": "Account:HKA",
        "derivedPortfolioWeight": 4,
        "subject": "Asset:Equity:CN:588000",
        "target": 10,
        "targetAmount": {
          "amount": 50000,
          "currency": "CNY",
        },
        "title": "科创 50 ETF",
      },
      {
        "account": "Account:HKA",
        "derivedPortfolioWeight": 8,
        "subject": "Asset:Equity:CN:512500",
        "target": 20,
        "targetAmount": {
          "amount": 100000,
          "currency": "CNY",
        },
        "title": "中证 500 ETF",
      },
      {
        "account": "Account:HKA",
        "derivedPortfolioWeight": 4,
        "subject": "Asset:Equity:CN:515070",
        "target": 10,
        "targetAmount": {
          "amount": 50000,
          "currency": "CNY",
        },
        "title": "人工智能 ETF",
      },
      {
        "account": "Account:HKA",
        "derivedPortfolioWeight": 4,
        "subject": "Asset:Equity:CN:512760",
        "target": 10,
        "targetAmount": {
          "amount": 50000,
          "currency": "CNY",
        },
        "title": "芯片 ETF",
      },
      {
        "account": "Account:HKA",
        "derivedPortfolioWeight": 2,
        "subject": "Asset:Equity:CN:513130",
        "target": 5,
        "targetAmount": {
          "amount": 25000,
          "currency": "CNY",
        },
        "title": "恒生科技 ETF",
      },
      {
        "account": "Account:HKA",
        "derivedPortfolioWeight": 4,
        "subject": "Asset:Equity:HK:1810",
        "target": 10,
        "targetAmount": {
          "amount": 50000,
          "currency": "CNY",
        },
        "title": "Xiaomi",
      },
      {
        "account": "Account:HKA",
        "derivedPortfolioWeight": 1,
        "subject": "Asset:Equity:CN:600036",
        "target": 2.5,
        "targetAmount": {
          "amount": 12500,
          "currency": "CNY",
        },
        "title": "招商银行",
      },
      {
        "account": "Account:HKA",
        "derivedPortfolioWeight": 6,
        "subject": "Asset:Equity:HK:0700",
        "target": 15,
        "targetAmount": {
          "amount": 75000,
          "currency": "CNY",
        },
        "title": "Tencent",
      },
      {
        "account": "Account:HKA",
        "derivedPortfolioWeight": 2,
        "subject": "Asset:Equity:HK:2097",
        "target": 5,
        "targetAmount": {
          "amount": 25000,
          "currency": "CNY",
        },
        "title": "蜜雪冰城",
      },
      {
        "account": "Account:HKA",
        "derivedPortfolioWeight": 1,
        "subject": "Asset:Equity:CN:600900",
        "target": 2.5,
        "targetAmount": {
          "amount": 12500,
          "currency": "CNY",
        },
        "title": "长江电力",
      },
    ],
    "capital": {
      "amount": 100000,
      "currency": "USD",
      "subject": "Portfolio:Core",
    },
    "cash": [
      {
        "amount": -31850,
        "currency": "USD",
      },
      {
        "amount": -31800,
        "currency": "CNY",
      },
      {
        "amount": -155000,
        "currency": "HKD",
      },
    ],
    "diagnostics": [
      {
        "line": 9,
        "message": "Thesis "Digital reserve asset" is past review_by 2026-05-11.",
      },
    ],
    "holdings": [
      {
        "asset": "Asset:Crypto:BTC",
        "commodity": "BTC",
        "cost": {
          "amount": 7000.000049670401,
          "currency": "USD",
        },
        "quantity": 0.45114488,
      },
      {
        "asset": "Asset:Crypto:ETH",
        "commodity": "ETH",
        "cost": {
          "amount": 6200.0000020888,
          "currency": "USD",
        },
        "quantity": 7.03298698,
      },
      {
        "asset": "Asset:Crypto:SOL",
        "commodity": "SOL",
        "cost": {
          "amount": 6000,
          "currency": "USD",
        },
        "quantity": 750,
      },
      {
        "asset": "Asset:Crypto:LINK",
        "commodity": "LINK",
        "cost": {
          "amount": 5749.9999999992,
          "currency": "USD",
        },
        "quantity": 15972.22222222,
      },
      {
        "asset": "Asset:Crypto:BNB",
        "commodity": "BNB",
        "cost": {
          "amount": 2100.000000112,
          "currency": "USD",
        },
        "quantity": 11.45038168,
      },
      {
        "asset": "Asset:Crypto:VIRTUAL",
        "commodity": "VIRTUAL",
        "cost": {
          "amount": 2400.0000000004,
          "currency": "USD",
        },
        "quantity": 8571.42857143,
      },
      {
        "asset": "Asset:Crypto:PEPE",
        "commodity": "PEPE",
        "cost": {
          "amount": 2400,
          "currency": "USD",
        },
        "quantity": 2400000000,
      },
      {
        "asset": "Asset:Equity:CN:513130",
        "commodity": "513130",
        "cost": {
          "amount": 11999.9999999997,
          "currency": "CNY",
        },
        "quantity": 30769.23076923,
      },
      {
        "asset": "Asset:Equity:HK:1810",
        "commodity": "1810.HK",
        "cost": {
          "amount": 9999.99999999,
          "currency": "HKD",
        },
        "quantity": 1111.11111111,
      },
      {
        "asset": "Asset:Equity:CN:600036",
        "commodity": "600036",
        "cost": {
          "amount": 3799.999999988,
          "currency": "CNY",
        },
        "quantity": 141.26394052,
      },
      {
        "asset": "Asset:Equity:HK:0700",
        "commodity": "0700.HK",
        "cost": {
          "amount": 75000,
          "currency": "HKD",
        },
        "quantity": 292.96875,
      },
      {
        "asset": "Asset:Equity:HK:2097",
        "commodity": "2097.HK",
        "cost": {
          "amount": 70000,
          "currency": "HKD",
        },
        "quantity": 273.4375,
      },
      {
        "asset": "Asset:Equity:CN:600900",
        "commodity": "600900",
        "cost": {
          "amount": 16000,
          "currency": "CNY",
        },
        "quantity": 800,
      },
    ],
    "pendingReviews": [
      {
        "reviewBy": "2026-05-11",
        "subject": "Asset:Crypto:BTC",
        "title": "Digital reserve asset",
      },
    ],
    "recentTransactions": [
      {
        "date": "2026-02-01",
        "subject": "Asset:Crypto:BTC",
        "title": "Crypto allocation test buy",
      },
      {
        "date": "2026-02-01",
        "subject": "Asset:Crypto:ETH",
        "title": "Crypto allocation test buy",
      },
      {
        "date": "2026-02-01",
        "subject": "Asset:Crypto:SOL",
        "title": "Crypto allocation test buy",
      },
      {
        "date": "2026-02-01",
        "subject": "Asset:Crypto:LINK",
        "title": "Crypto allocation test buy",
      },
      {
        "date": "2026-02-01",
        "subject": "Asset:Crypto:BNB",
        "title": "Crypto allocation test buy",
      },
      {
        "date": "2026-02-01",
        "subject": "Asset:Crypto:VIRTUAL",
        "title": "Crypto allocation test buy",
      },
      {
        "date": "2026-02-01",
        "subject": "Asset:Crypto:PEPE",
        "title": "Crypto allocation test buy",
      },
      {
        "date": "2026-02-02",
        "subject": "Asset:Equity:CN:513130",
        "title": "HKCN allocation test buy",
      },
      {
        "date": "2026-02-02",
        "subject": "Asset:Equity:HK:1810",
        "title": "HKCN allocation test buy",
      },
      {
        "date": "2026-02-02",
        "subject": "Asset:Equity:CN:600036",
        "title": "HKCN allocation test buy",
      },
      {
        "date": "2026-02-02",
        "subject": "Asset:Equity:HK:0700",
        "title": "HKCN allocation test buy",
      },
      {
        "date": "2026-02-02",
        "subject": "Asset:Equity:HK:2097",
        "title": "HKCN allocation test buy",
      },
      {
        "date": "2026-02-02",
        "subject": "Asset:Equity:CN:600900",
        "title": "HKCN allocation test buy",
      },
    ],
    "watchlist": [],
  },
  "drift": {
    "baseCurrency": "USD",
    "diagnostics": [],
    "entries": [
      {
        "actualWeight": null,
        "drift": null,
        "marketValue": null,
        "marketValueInBase": null,
        "planMax": null,
        "planMin": null,
        "status": "unknown",
        "subject": "Asset:Equity:US:NVDA",
        "targetWeight": 3,
        "title": "NVIDIA",
      },
      {
        "actualWeight": null,
        "drift": null,
        "marketValue": null,
        "marketValueInBase": null,
        "planMax": null,
        "planMin": null,
        "status": "unknown",
        "subject": "Asset:Equity:US:AAPL",
        "targetWeight": 3,
        "title": "Apple",
      },
      {
        "actualWeight": null,
        "drift": null,
        "marketValue": null,
        "marketValueInBase": null,
        "planMax": null,
        "planMin": null,
        "status": "unknown",
        "subject": "Asset:Equity:US:MSFT",
        "targetWeight": 3,
        "title": "Microsoft",
      },
      {
        "actualWeight": null,
        "drift": null,
        "marketValue": null,
        "marketValueInBase": null,
        "planMax": null,
        "planMin": null,
        "status": "unknown",
        "subject": "Asset:Equity:US:GOOGL",
        "targetWeight": 3,
        "title": "Alphabet",
      },
      {
        "actualWeight": null,
        "drift": null,
        "marketValue": null,
        "marketValueInBase": null,
        "planMax": null,
        "planMin": null,
        "status": "unknown",
        "subject": "Asset:Equity:US:TSLA",
        "targetWeight": 3,
        "title": "Tesla",
      },
      {
        "actualWeight": null,
        "drift": null,
        "marketValue": null,
        "marketValueInBase": null,
        "planMax": null,
        "planMin": null,
        "status": "unknown",
        "subject": "Asset:Equity:US:AMZN",
        "targetWeight": 1.5,
        "title": "Amazon",
      },
      {
        "actualWeight": null,
        "drift": null,
        "marketValue": null,
        "marketValueInBase": null,
        "planMax": null,
        "planMin": null,
        "status": "unknown",
        "subject": "Asset:Equity:US:SPCX",
        "targetWeight": 3,
        "title": "SPCX",
      },
      {
        "actualWeight": null,
        "drift": null,
        "marketValue": null,
        "marketValueInBase": null,
        "planMax": null,
        "planMin": null,
        "status": "unknown",
        "subject": "Asset:Private:US:ANTHROPIC",
        "targetWeight": 1.5,
        "title": "Anthropic",
      },
      {
        "actualWeight": null,
        "drift": null,
        "marketValue": null,
        "marketValueInBase": null,
        "planMax": null,
        "planMin": null,
        "status": "unknown",
        "subject": "Asset:Private:US:OPENAI",
        "targetWeight": 1.5,
        "title": "OpenAI",
      },
      {
        "actualWeight": null,
        "drift": null,
        "marketValue": null,
        "marketValueInBase": null,
        "planMax": null,
        "planMin": null,
        "status": "unknown",
        "subject": "Asset:Equity:US:QQQ",
        "targetWeight": 3,
        "title": "Invesco QQQ",
      },
      {
        "actualWeight": null,
        "drift": null,
        "marketValue": null,
        "marketValueInBase": null,
        "planMax": null,
        "planMin": null,
        "status": "unknown",
        "subject": "Asset:Equity:US:SPY",
        "targetWeight": 3,
        "title": "SPDR S&P 500 ETF",
      },
      {
        "actualWeight": null,
        "drift": null,
        "marketValue": null,
        "marketValueInBase": null,
        "planMax": null,
        "planMin": null,
        "status": "unknown",
        "subject": "Asset:Equity:US:PLTR",
        "targetWeight": 0.3,
        "title": "Palantir",
      },
      {
        "actualWeight": null,
        "drift": null,
        "marketValue": null,
        "marketValueInBase": null,
        "planMax": null,
        "planMin": null,
        "status": "unknown",
        "subject": "Asset:Equity:US:NFLX",
        "targetWeight": 0.3,
        "title": "Netflix",
      },
      {
        "actualWeight": null,
        "drift": null,
        "marketValue": null,
        "marketValueInBase": null,
        "planMax": null,
        "planMin": null,
        "status": "unknown",
        "subject": "Asset:Equity:US:MSTR",
        "targetWeight": 0.3,
        "title": "MicroStrategy",
      },
      {
        "actualWeight": null,
        "drift": null,
        "marketValue": null,
        "marketValueInBase": null,
        "planMax": null,
        "planMin": null,
        "status": "unknown",
        "subject": "Asset:Equity:US:HOOD",
        "targetWeight": 0.3,
        "title": "Robinhood",
      },
      {
        "actualWeight": 100,
        "drift": 75,
        "marketValue": {
          "amount": 45114.488000000005,
          "currency": "USD",
        },
        "marketValueInBase": {
          "amount": 45114.488000000005,
          "currency": "USD",
        },
        "planMax": 30,
        "planMin": 20,
        "status": "above_max",
        "subject": "Asset:Crypto:BTC",
        "targetWeight": 25,
        "title": "Bitcoin",
      },
      {
        "actualWeight": null,
        "drift": null,
        "marketValue": null,
        "marketValueInBase": null,
        "planMax": null,
        "planMin": null,
        "status": "unknown",
        "subject": "Asset:Crypto:ETH",
        "targetWeight": 6,
        "title": "Ethereum",
      },
      {
        "actualWeight": null,
        "drift": null,
        "marketValue": null,
        "marketValueInBase": null,
        "planMax": null,
        "planMin": null,
        "status": "unknown",
        "subject": "Asset:Crypto:SOL",
        "targetWeight": 3,
        "title": "Solana",
      },
      {
        "actualWeight": null,
        "drift": null,
        "marketValue": null,
        "marketValueInBase": null,
        "planMax": null,
        "planMin": null,
        "status": "unknown",
        "subject": "Asset:Crypto:LINK",
        "targetWeight": 1.8,
        "title": "LINK",
      },
      {
        "actualWeight": null,
        "drift": null,
        "marketValue": null,
        "marketValueInBase": null,
        "planMax": null,
        "planMin": null,
        "status": "unknown",
        "subject": "Asset:Crypto:BNB",
        "targetWeight": 1.8,
        "title": "BNB",
      },
      {
        "actualWeight": null,
        "drift": null,
        "marketValue": null,
        "marketValueInBase": null,
        "planMax": null,
        "planMin": null,
        "status": "unknown",
        "subject": "Asset:Crypto:HYPE",
        "targetWeight": 1.8,
        "title": "Hyperliquid",
      },
      {
        "actualWeight": null,
        "drift": null,
        "marketValue": null,
        "marketValueInBase": null,
        "planMax": null,
        "planMin": null,
        "status": "unknown",
        "subject": "Asset:Crypto:VIRTUAL",
        "targetWeight": 0.9,
        "title": "Virtuals Protocol",
      },
      {
        "actualWeight": null,
        "drift": null,
        "marketValue": null,
        "marketValueInBase": null,
        "planMax": null,
        "planMin": null,
        "status": "unknown",
        "subject": "Asset:Crypto:PEPE",
        "targetWeight": 0.9,
        "title": "Pepe",
      },
      {
        "actualWeight": null,
        "drift": null,
        "marketValue": null,
        "marketValueInBase": null,
        "planMax": null,
        "planMin": null,
        "status": "unknown",
        "subject": "Asset:Equity:CN:159915",
        "targetWeight": 4,
        "title": "创业板 ETF",
      },
      {
        "actualWeight": null,
        "drift": null,
        "marketValue": null,
        "marketValueInBase": null,
        "planMax": null,
        "planMin": null,
        "status": "unknown",
        "subject": "Asset:Equity:CN:588000",
        "targetWeight": 4,
        "title": "科创 50 ETF",
      },
      {
        "actualWeight": null,
        "drift": null,
        "marketValue": null,
        "marketValueInBase": null,
        "planMax": null,
        "planMin": null,
        "status": "unknown",
        "subject": "Asset:Equity:CN:512500",
        "targetWeight": 8,
        "title": "中证 500 ETF",
      },
      {
        "actualWeight": null,
        "drift": null,
        "marketValue": null,
        "marketValueInBase": null,
        "planMax": null,
        "planMin": null,
        "status": "unknown",
        "subject": "Asset:Equity:CN:515070",
        "targetWeight": 4,
        "title": "人工智能 ETF",
      },
      {
        "actualWeight": null,
        "drift": null,
        "marketValue": null,
        "marketValueInBase": null,
        "planMax": null,
        "planMin": null,
        "status": "unknown",
        "subject": "Asset:Equity:CN:512760",
        "targetWeight": 4,
        "title": "芯片 ETF",
      },
      {
        "actualWeight": null,
        "drift": null,
        "marketValue": null,
        "marketValueInBase": null,
        "planMax": null,
        "planMin": null,
        "status": "unknown",
        "subject": "Asset:Equity:CN:513130",
        "targetWeight": 2,
        "title": "恒生科技 ETF",
      },
      {
        "actualWeight": null,
        "drift": null,
        "marketValue": null,
        "marketValueInBase": null,
        "planMax": null,
        "planMin": null,
        "status": "unknown",
        "subject": "Asset:Equity:HK:1810",
        "targetWeight": 4,
        "title": "Xiaomi",
      },
      {
        "actualWeight": null,
        "drift": null,
        "marketValue": null,
        "marketValueInBase": null,
        "planMax": null,
        "planMin": null,
        "status": "unknown",
        "subject": "Asset:Equity:CN:600036",
        "targetWeight": 1,
        "title": "招商银行",
      },
      {
        "actualWeight": null,
        "drift": null,
        "marketValue": null,
        "marketValueInBase": null,
        "planMax": null,
        "planMin": null,
        "status": "unknown",
        "subject": "Asset:Equity:HK:0700",
        "targetWeight": 6,
        "title": "Tencent",
      },
      {
        "actualWeight": null,
        "drift": null,
        "marketValue": null,
        "marketValueInBase": null,
        "planMax": null,
        "planMin": null,
        "status": "unknown",
        "subject": "Asset:Equity:HK:2097",
        "targetWeight": 2,
        "title": "蜜雪冰城",
      },
      {
        "actualWeight": null,
        "drift": null,
        "marketValue": null,
        "marketValueInBase": null,
        "planMax": null,
        "planMin": null,
        "status": "unknown",
        "subject": "Asset:Equity:CN:600900",
        "targetWeight": 1,
        "title": "长江电力",
      },
    ],
    "fxRates": {},
    "totalMarketValue": {
      "amount": 45114.488000000005,
      "currency": "USD",
    },
    "unconvertedCurrencies": [],
  },
  "enrichment": {
    "prices": [
      {
        "asOf": null,
        "provider": null,
        "status": "missing",
        "subject": "Asset:Equity:US:NVDA",
      },
      {
        "asOf": null,
        "provider": null,
        "status": "missing",
        "subject": "Asset:Equity:US:AAPL",
      },
      {
        "asOf": null,
        "provider": null,
        "status": "missing",
        "subject": "Asset:Equity:US:MSFT",
      },
      {
        "asOf": null,
        "provider": null,
        "status": "missing",
        "subject": "Asset:Equity:US:GOOGL",
      },
      {
        "asOf": null,
        "provider": null,
        "status": "missing",
        "subject": "Asset:Equity:US:TSLA",
      },
      {
        "asOf": null,
        "provider": null,
        "status": "missing",
        "subject": "Asset:Equity:US:AMZN",
      },
      {
        "asOf": null,
        "provider": null,
        "status": "missing",
        "subject": "Asset:Equity:US:SPCX",
      },
      {
        "asOf": null,
        "provider": null,
        "status": "missing",
        "subject": "Asset:Private:US:ANTHROPIC",
      },
      {
        "asOf": null,
        "provider": null,
        "status": "missing",
        "subject": "Asset:Private:US:OPENAI",
      },
      {
        "asOf": null,
        "provider": null,
        "status": "missing",
        "subject": "Asset:Equity:US:QQQ",
      },
      {
        "asOf": null,
        "provider": null,
        "status": "missing",
        "subject": "Asset:Equity:US:SPY",
      },
      {
        "asOf": null,
        "provider": null,
        "status": "missing",
        "subject": "Asset:Equity:US:PLTR",
      },
      {
        "asOf": null,
        "provider": null,
        "status": "missing",
        "subject": "Asset:Equity:US:NFLX",
      },
      {
        "asOf": null,
        "provider": null,
        "status": "missing",
        "subject": "Asset:Equity:US:MSTR",
      },
      {
        "asOf": null,
        "provider": null,
        "status": "missing",
        "subject": "Asset:Equity:US:HOOD",
      },
      {
        "asOf": "2026-07-08T00:00:00Z",
        "provider": "Fixture",
        "status": "fresh",
        "subject": "Asset:Crypto:BTC",
      },
      {
        "asOf": null,
        "provider": null,
        "status": "missing",
        "subject": "Asset:Crypto:ETH",
      },
      {
        "asOf": null,
        "provider": null,
        "status": "missing",
        "subject": "Asset:Crypto:SOL",
      },
      {
        "asOf": null,
        "provider": null,
        "status": "missing",
        "subject": "Asset:Crypto:LINK",
      },
      {
        "asOf": null,
        "provider": null,
        "status": "missing",
        "subject": "Asset:Crypto:BNB",
      },
      {
        "asOf": null,
        "provider": null,
        "status": "missing",
        "subject": "Asset:Crypto:HYPE",
      },
      {
        "asOf": null,
        "provider": null,
        "status": "missing",
        "subject": "Asset:Crypto:VIRTUAL",
      },
      {
        "asOf": null,
        "provider": null,
        "status": "missing",
        "subject": "Asset:Crypto:PEPE",
      },
      {
        "asOf": null,
        "provider": null,
        "status": "missing",
        "subject": "Asset:Equity:CN:159915",
      },
      {
        "asOf": null,
        "provider": null,
        "status": "missing",
        "subject": "Asset:Equity:CN:588000",
      },
      {
        "asOf": null,
        "provider": null,
        "status": "missing",
        "subject": "Asset:Equity:CN:512500",
      },
      {
        "asOf": null,
        "provider": null,
        "status": "missing",
        "subject": "Asset:Equity:CN:515070",
      },
      {
        "asOf": null,
        "provider": null,
        "status": "missing",
        "subject": "Asset:Equity:CN:512760",
      },
      {
        "asOf": null,
        "provider": null,
        "status": "missing",
        "subject": "Asset:Equity:CN:513130",
      },
      {
        "asOf": null,
        "provider": null,
        "status": "missing",
        "subject": "Asset:Equity:HK:1810",
      },
      {
        "asOf": null,
        "provider": null,
        "status": "missing",
        "subject": "Asset:Equity:CN:600036",
      },
      {
        "asOf": null,
        "provider": null,
        "status": "missing",
        "subject": "Asset:Equity:HK:0700",
      },
      {
        "asOf": null,
        "provider": null,
        "status": "missing",
        "subject": "Asset:Equity:HK:2097",
      },
      {
        "asOf": null,
        "provider": null,
        "status": "missing",
        "subject": "Asset:Equity:CN:600900",
      },
    ],
  },
  "knowledge": {
    "decisions": [
      {
        "action": "Buy",
        "basedOn": "2026-02-11",
        "confidence": "High",
        "date": "2026-03-01",
        "subject": "Asset:Crypto:BTC",
        "targetWeight": "20%",
        "title": "Start accumulation",
      },
    ],
    "diagnostics": [
      {
        "line": 9,
        "message": "Thesis "Digital reserve asset" is past review_by 2026-05-11.",
      },
    ],
    "research": [
      {
        "body": "Spot ETF inflow remains a structural source of demand.",
        "date": "2026-02-10",
        "reliability": "Secondary",
        "source": "Market data",
        "subject": "Asset:Crypto:BTC",
        "tags": [
          "ETF",
          "Flow",
        ],
        "title": "ETF inflow remains strong",
      },
      {
        "body": null,
        "date": "2026-07-08",
        "reliability": null,
        "source": "Market data",
        "subject": "Market:Crypto",
        "tags": [
          "ETF",
          "Flow",
        ],
        "title": "ETF flow remains positive",
      },
    ],
    "theses": [
      {
        "body": "BTC is treated as the core reserve asset in the crypto account.",
        "confidence": "High",
        "date": "2026-02-11",
        "horizon": "5y",
        "invalidIf": "ETF flow reverses for 2 quarters",
        "reviewBy": "2026-05-11",
        "sentiment": "Bullish",
        "status": "Active",
        "subject": "Asset:Crypto:BTC",
        "title": "Digital reserve asset",
      },
    ],
  },
  "market": {
    "portfolioValues": [
      {
        "cost": {
          "amount": 7000.000049670401,
          "currency": "USD",
        },
        "marketValue": {
          "amount": 45114.488000000005,
          "currency": "USD",
        },
        "pnl": {
          "amount": 38114.4879503296,
          "currency": "USD",
        },
        "pnlInMarketCurrency": {
          "amount": 38114.4879503296,
          "currency": "USD",
        },
        "subject": "Asset:Crypto:BTC",
      },
    ],
    "prices": [
      {
        "asOf": "2026-07-08T00:00:00Z",
        "price": {
          "amount": 100000,
          "currency": "USD",
        },
        "provider": "Fixture",
        "source": "external",
        "subject": "Asset:Crypto:BTC",
      },
    ],
    "research": [
      {
        "date": "2026-07-08",
        "source": "Market data",
        "subject": "Market:Crypto",
        "tags": [
          "ETF",
          "Flow",
        ],
        "title": "ETF flow remains positive",
      },
    ],
  },
  "plan": {
    "diagnostics": [],
    "entries": [
      {
        "actionWhenAbove": null,
        "actionWhenBelow": null,
        "date": "2026-01-03",
        "max": 55,
        "min": 45,
        "rebalance": null,
        "subject": "Account:US",
        "target": 50,
        "title": "US account allocation",
      },
      {
        "actionWhenAbove": null,
        "actionWhenBelow": null,
        "date": "2026-01-03",
        "max": 35,
        "min": 25,
        "rebalance": null,
        "subject": "Account:Crypto",
        "target": 30,
        "title": "Crypto account allocation",
      },
      {
        "actionWhenAbove": "trim",
        "actionWhenBelow": "accumulate",
        "date": "2026-01-03",
        "max": 30,
        "min": 20,
        "rebalance": "quarterly",
        "subject": "Asset:Crypto:BTC",
        "target": 25,
        "title": "Bitcoin target weight",
      },
    ],
  },
  "portfolio": {
    "cash": [
      {
        "amount": -31850,
        "currency": "USD",
      },
      {
        "amount": -31800,
        "currency": "CNY",
      },
      {
        "amount": -155000,
        "currency": "HKD",
      },
    ],
    "diagnostics": [],
    "expenses": [],
    "holdings": [
      {
        "asset": "Asset:Crypto:BTC",
        "commodity": "BTC",
        "cost": {
          "amount": 7000.000049670401,
          "currency": "USD",
        },
        "quantity": 0.45114488,
      },
      {
        "asset": "Asset:Crypto:ETH",
        "commodity": "ETH",
        "cost": {
          "amount": 6200.0000020888,
          "currency": "USD",
        },
        "quantity": 7.03298698,
      },
      {
        "asset": "Asset:Crypto:SOL",
        "commodity": "SOL",
        "cost": {
          "amount": 6000,
          "currency": "USD",
        },
        "quantity": 750,
      },
      {
        "asset": "Asset:Crypto:LINK",
        "commodity": "LINK",
        "cost": {
          "amount": 5749.9999999992,
          "currency": "USD",
        },
        "quantity": 15972.22222222,
      },
      {
        "asset": "Asset:Crypto:BNB",
        "commodity": "BNB",
        "cost": {
          "amount": 2100.000000112,
          "currency": "USD",
        },
        "quantity": 11.45038168,
      },
      {
        "asset": "Asset:Crypto:VIRTUAL",
        "commodity": "VIRTUAL",
        "cost": {
          "amount": 2400.0000000004,
          "currency": "USD",
        },
        "quantity": 8571.42857143,
      },
      {
        "asset": "Asset:Crypto:PEPE",
        "commodity": "PEPE",
        "cost": {
          "amount": 2400,
          "currency": "USD",
        },
        "quantity": 2400000000,
      },
      {
        "asset": "Asset:Equity:CN:513130",
        "commodity": "513130",
        "cost": {
          "amount": 11999.9999999997,
          "currency": "CNY",
        },
        "quantity": 30769.23076923,
      },
      {
        "asset": "Asset:Equity:HK:1810",
        "commodity": "1810.HK",
        "cost": {
          "amount": 9999.99999999,
          "currency": "HKD",
        },
        "quantity": 1111.11111111,
      },
      {
        "asset": "Asset:Equity:CN:600036",
        "commodity": "600036",
        "cost": {
          "amount": 3799.999999988,
          "currency": "CNY",
        },
        "quantity": 141.26394052,
      },
      {
        "asset": "Asset:Equity:HK:0700",
        "commodity": "0700.HK",
        "cost": {
          "amount": 75000,
          "currency": "HKD",
        },
        "quantity": 292.96875,
      },
      {
        "asset": "Asset:Equity:HK:2097",
        "commodity": "2097.HK",
        "cost": {
          "amount": 70000,
          "currency": "HKD",
        },
        "quantity": 273.4375,
      },
      {
        "asset": "Asset:Equity:CN:600900",
        "commodity": "600900",
        "cost": {
          "amount": 16000,
          "currency": "CNY",
        },
        "quantity": 800,
      },
    ],
    "income": [],
    "realizedPnl": [],
    "transactions": [
      {
        "date": "2026-02-01",
        "file": "fixtures/core/activity/transactions.nav",
        "line": 1,
        "postings": [
          {
            "account": "Assets:Crypto:BTC",
            "commodity": "BTC",
            "price": {
              "amount": 15516.08,
              "currency": "USD",
            },
            "quantity": 0.45114488,
          },
          {
            "account": "Assets:Cash:USD",
            "commodity": "USD",
            "price": null,
            "quantity": -7000,
          },
        ],
        "subject": "Asset:Crypto:BTC",
        "title": "Crypto allocation test buy",
      },
      {
        "date": "2026-02-01",
        "file": "fixtures/core/activity/transactions.nav",
        "line": 5,
        "postings": [
          {
            "account": "Assets:Crypto:ETH",
            "commodity": "ETH",
            "price": {
              "amount": 881.56,
              "currency": "USD",
            },
            "quantity": 7.03298698,
          },
          {
            "account": "Assets:Cash:USD",
            "commodity": "USD",
            "price": null,
            "quantity": -6200,
          },
        ],
        "subject": "Asset:Crypto:ETH",
        "title": "Crypto allocation test buy",
      },
      {
        "date": "2026-02-01",
        "file": "fixtures/core/activity/transactions.nav",
        "line": 9,
        "postings": [
          {
            "account": "Assets:Crypto:SOL",
            "commodity": "SOL",
            "price": {
              "amount": 8,
              "currency": "USD",
            },
            "quantity": 750,
          },
          {
            "account": "Assets:Cash:USD",
            "commodity": "USD",
            "price": null,
            "quantity": -6000,
          },
        ],
        "subject": "Asset:Crypto:SOL",
        "title": "Crypto allocation test buy",
      },
      {
        "date": "2026-02-01",
        "file": "fixtures/core/activity/transactions.nav",
        "line": 13,
        "postings": [
          {
            "account": "Assets:Crypto:LINK",
            "commodity": "LINK",
            "price": {
              "amount": 0.36,
              "currency": "USD",
            },
            "quantity": 15972.22222222,
          },
          {
            "account": "Assets:Cash:USD",
            "commodity": "USD",
            "price": null,
            "quantity": -5750,
          },
        ],
        "subject": "Asset:Crypto:LINK",
        "title": "Crypto allocation test buy",
      },
      {
        "date": "2026-02-01",
        "file": "fixtures/core/activity/transactions.nav",
        "line": 17,
        "postings": [
          {
            "account": "Assets:Crypto:BNB",
            "commodity": "BNB",
            "price": {
              "amount": 183.4,
              "currency": "USD",
            },
            "quantity": 11.45038168,
          },
          {
            "account": "Assets:Cash:USD",
            "commodity": "USD",
            "price": null,
            "quantity": -2100,
          },
        ],
        "subject": "Asset:Crypto:BNB",
        "title": "Crypto allocation test buy",
      },
      {
        "date": "2026-02-01",
        "file": "fixtures/core/activity/transactions.nav",
        "line": 21,
        "postings": [
          {
            "account": "Assets:Crypto:VIRTUAL",
            "commodity": "VIRTUAL",
            "price": {
              "amount": 0.28,
              "currency": "USD",
            },
            "quantity": 8571.42857143,
          },
          {
            "account": "Assets:Cash:USD",
            "commodity": "USD",
            "price": null,
            "quantity": -2400,
          },
        ],
        "subject": "Asset:Crypto:VIRTUAL",
        "title": "Crypto allocation test buy",
      },
      {
        "date": "2026-02-01",
        "file": "fixtures/core/activity/transactions.nav",
        "line": 25,
        "postings": [
          {
            "account": "Assets:Crypto:PEPE",
            "commodity": "PEPE",
            "price": {
              "amount": 0.000001,
              "currency": "USD",
            },
            "quantity": 2400000000,
          },
          {
            "account": "Assets:Cash:USD",
            "commodity": "USD",
            "price": null,
            "quantity": -2400,
          },
        ],
        "subject": "Asset:Crypto:PEPE",
        "title": "Crypto allocation test buy",
      },
      {
        "date": "2026-02-02",
        "file": "fixtures/core/activity/transactions.nav",
        "line": 29,
        "postings": [
          {
            "account": "Assets:Equity:CN:513130",
            "commodity": "513130",
            "price": {
              "amount": 0.39,
              "currency": "CNY",
            },
            "quantity": 30769.23076923,
          },
          {
            "account": "Assets:Cash:CNY",
            "commodity": "CNY",
            "price": null,
            "quantity": -12000,
          },
        ],
        "subject": "Asset:Equity:CN:513130",
        "title": "HKCN allocation test buy",
      },
      {
        "date": "2026-02-02",
        "file": "fixtures/core/activity/transactions.nav",
        "line": 33,
        "postings": [
          {
            "account": "Assets:Equity:HK:1810",
            "commodity": "1810.HK",
            "price": {
              "amount": 9,
              "currency": "HKD",
            },
            "quantity": 1111.11111111,
          },
          {
            "account": "Assets:Cash:HKD",
            "commodity": "HKD",
            "price": null,
            "quantity": -10000,
          },
        ],
        "subject": "Asset:Equity:HK:1810",
        "title": "HKCN allocation test buy",
      },
      {
        "date": "2026-02-02",
        "file": "fixtures/core/activity/transactions.nav",
        "line": 37,
        "postings": [
          {
            "account": "Assets:Equity:CN:600036",
            "commodity": "600036",
            "price": {
              "amount": 26.9,
              "currency": "CNY",
            },
            "quantity": 141.26394052,
          },
          {
            "account": "Assets:Cash:CNY",
            "commodity": "CNY",
            "price": null,
            "quantity": -3800,
          },
        ],
        "subject": "Asset:Equity:CN:600036",
        "title": "HKCN allocation test buy",
      },
      {
        "date": "2026-02-02",
        "file": "fixtures/core/activity/transactions.nav",
        "line": 41,
        "postings": [
          {
            "account": "Assets:Equity:HK:0700",
            "commodity": "0700.HK",
            "price": {
              "amount": 256,
              "currency": "HKD",
            },
            "quantity": 292.96875,
          },
          {
            "account": "Assets:Cash:HKD",
            "commodity": "HKD",
            "price": null,
            "quantity": -75000,
          },
        ],
        "subject": "Asset:Equity:HK:0700",
        "title": "HKCN allocation test buy",
      },
      {
        "date": "2026-02-02",
        "file": "fixtures/core/activity/transactions.nav",
        "line": 45,
        "postings": [
          {
            "account": "Assets:Equity:HK:2097",
            "commodity": "2097.HK",
            "price": {
              "amount": 256,
              "currency": "HKD",
            },
            "quantity": 273.4375,
          },
          {
            "account": "Assets:Cash:HKD",
            "commodity": "HKD",
            "price": null,
            "quantity": -70000,
          },
        ],
        "subject": "Asset:Equity:HK:2097",
        "title": "HKCN allocation test buy",
      },
      {
        "date": "2026-02-02",
        "file": "fixtures/core/activity/transactions.nav",
        "line": 49,
        "postings": [
          {
            "account": "Assets:Equity:CN:600900",
            "commodity": "600900",
            "price": {
              "amount": 20,
              "currency": "CNY",
            },
            "quantity": 800,
          },
          {
            "account": "Assets:Cash:CNY",
            "commodity": "CNY",
            "price": null,
            "quantity": -16000,
          },
        ],
        "subject": "Asset:Equity:CN:600900",
        "title": "HKCN allocation test buy",
      },
    ],
  },
  "priceManifest": {
    "entries": [
      {
        "subject": "Asset:Equity:US:NVDA",
        "symbol": "NVDA",
        "yahooSymbol": "NVDA",
      },
      {
        "subject": "Asset:Equity:US:AAPL",
        "symbol": "AAPL",
        "yahooSymbol": "AAPL",
      },
      {
        "subject": "Asset:Equity:US:MSFT",
        "symbol": "MSFT",
        "yahooSymbol": "MSFT",
      },
      {
        "subject": "Asset:Equity:US:GOOGL",
        "symbol": "GOOGL",
        "yahooSymbol": "GOOGL",
      },
      {
        "subject": "Asset:Equity:US:TSLA",
        "symbol": "TSLA",
        "yahooSymbol": "TSLA",
      },
      {
        "subject": "Asset:Equity:US:AMZN",
        "symbol": "AMZN",
        "yahooSymbol": "AMZN",
      },
      {
        "subject": "Asset:Equity:US:SPCX",
        "symbol": "SPCX",
        "yahooSymbol": "SPCX",
      },
      {
        "subject": "Asset:Private:US:ANTHROPIC",
        "symbol": "Anthropic",
        "yahooSymbol": "Anthropic",
      },
      {
        "subject": "Asset:Private:US:OPENAI",
        "symbol": "OpenAI",
        "yahooSymbol": "OpenAI",
      },
      {
        "subject": "Asset:Equity:US:QQQ",
        "symbol": "QQQ",
        "yahooSymbol": "QQQ",
      },
      {
        "subject": "Asset:Equity:US:SPY",
        "symbol": "SPY",
        "yahooSymbol": "SPY",
      },
      {
        "subject": "Asset:Equity:US:PLTR",
        "symbol": "PLTR",
        "yahooSymbol": "PLTR",
      },
      {
        "subject": "Asset:Equity:US:NFLX",
        "symbol": "NFLX",
        "yahooSymbol": "NFLX",
      },
      {
        "subject": "Asset:Equity:US:MSTR",
        "symbol": "MSTR",
        "yahooSymbol": "MSTR",
      },
      {
        "subject": "Asset:Equity:US:HOOD",
        "symbol": "HOOD",
        "yahooSymbol": "HOOD",
      },
      {
        "subject": "Asset:Crypto:BTC",
        "symbol": "BTC",
        "yahooSymbol": "BTC-USD",
      },
      {
        "subject": "Asset:Crypto:ETH",
        "symbol": "ETH",
        "yahooSymbol": "ETH-USD",
      },
      {
        "subject": "Asset:Crypto:SOL",
        "symbol": "SOL",
        "yahooSymbol": "SOL-USD",
      },
      {
        "subject": "Asset:Crypto:LINK",
        "symbol": "LINK",
        "yahooSymbol": "LINK-USD",
      },
      {
        "subject": "Asset:Crypto:BNB",
        "symbol": "BNB",
        "yahooSymbol": "BNB-USD",
      },
      {
        "subject": "Asset:Crypto:HYPE",
        "symbol": "HYPE",
        "yahooSymbol": "HYPE-USD",
      },
      {
        "subject": "Asset:Crypto:VIRTUAL",
        "symbol": "VIRTUAL",
        "yahooSymbol": "VIRTUAL-USD",
      },
      {
        "subject": "Asset:Crypto:PEPE",
        "symbol": "PEPE",
        "yahooSymbol": "PEPE-USD",
      },
      {
        "subject": "Asset:Equity:CN:159915",
        "symbol": "159915",
        "yahooSymbol": "159915",
      },
      {
        "subject": "Asset:Equity:CN:588000",
        "symbol": "588000",
        "yahooSymbol": "588000",
      },
      {
        "subject": "Asset:Equity:CN:512500",
        "symbol": "512500",
        "yahooSymbol": "512500",
      },
      {
        "subject": "Asset:Equity:CN:515070",
        "symbol": "515070",
        "yahooSymbol": "515070",
      },
      {
        "subject": "Asset:Equity:CN:512760",
        "symbol": "512760",
        "yahooSymbol": "512760",
      },
      {
        "subject": "Asset:Equity:CN:513130",
        "symbol": "513130",
        "yahooSymbol": "513130",
      },
      {
        "subject": "Asset:Equity:HK:1810",
        "symbol": "1810.HK",
        "yahooSymbol": "1810.HK",
      },
      {
        "subject": "Asset:Equity:CN:600036",
        "symbol": "600036",
        "yahooSymbol": "600036",
      },
      {
        "subject": "Asset:Equity:HK:0700",
        "symbol": "0700.HK",
        "yahooSymbol": "0700.HK",
      },
      {
        "subject": "Asset:Equity:HK:2097",
        "symbol": "2097.HK",
        "yahooSymbol": "2097.HK",
      },
      {
        "subject": "Asset:Equity:CN:600900",
        "symbol": "600900",
        "yahooSymbol": "600900",
      },
    ],
    "livePricesPath": "/api/prices",
    "stalePriceAfterDays": undefined,
  },
  "process": {
    "journal": [
      {
        "body": "Waiting for the planned review prevented an impulsive buy.",
        "date": "2026-07-08",
        "directive": "journal",
        "mood": "FOMO",
        "related": "Asset:Crypto:BTC",
        "subject": "Portfolio:Core",
        "title": "Felt FOMO after BTC breakout",
      },
    ],
    "reviews": [
      {
        "action": "Hold",
        "body": "BTC thesis remains active.",
        "date": "2026-07-01",
        "drift": null,
        "status": "On Track",
        "subject": "Account:Crypto",
        "title": "Quarterly crypto review",
      },
    ],
    "watchlist": [],
  },
  "workspace": {
    "diagnostics": [],
    "files": [
      "fixtures/core/accounts/accounts.nav",
      "fixtures/core/activity/knowledge.nav",
      "fixtures/core/activity/process.nav",
      "fixtures/core/activity/transactions.nav",
      "fixtures/core/assets/assets.nav",
      "fixtures/core/plan.nav",
      "fixtures/core/portfolio.nav",
    ],
    "portfolioSubject": "Portfolio:Core",
    "root": "<workspace-root>",
  },
}
`;
